// Jest Snapshot v1, https://goo.gl/fbAQLP

exports[`<ErrorMessageCard /> renders properly 1`] = `
<div
  className="MuiPaper-root-1 MuiPaper-elevation2-5 MuiPaper-rounded-2"
>
  <div
    className="MuiCardContent-root-28"
  >
    <h2
      className="MuiTypography-root-29 MuiTypography-headline-34"
    >
      Error
    </h2>
    <p
      className="MuiTypography-root-29 MuiTypography-body1-38"
    >
      Things are terrible.
    </p>
  </div>
</div>
`;
