// Jest Snapshot v1, https://goo.gl/fbAQLP

exports[`<FilterCard /> renders properly 1`] = `
<div
  className="MuiPaper-root-2 MuiPaper-elevation2-6 MuiPaper-rounded-3 MuiCard-root-1"
>
  <form>
    <div
      className="MuiCardHeader-root-29"
    >
      <div
        className="MuiCardHeader-content-32"
      >
        <span
          className="MuiTypography-root-35 MuiTypography-headline-40 MuiCardHeader-title-33"
        >
          Filters
        </span>
      </div>
      <div
        className="MuiCardHeader-action-31"
      >
        <button
          className="MuiButtonBase-root-65 MuiIconButton-root-59"
          disabled={false}
          onBlur={[Function]}
          onClick={[MockFunction]}
          onFocus={[Function]}
          onKeyDown={[Function]}
          onKeyUp={[Function]}
          onMouseDown={[Function]}
          onMouseLeave={[Function]}
          onMouseUp={[Function]}
          onTouchEnd={[Function]}
          onTouchMove={[Function]}
          onTouchStart={[Function]}
          tabIndex="0"
          type="button"
        >
          <span
            className="MuiIconButton-label-64"
          >
            <svg
              aria-hidden="true"
              className="MuiSvgIcon-root-67"
              color={undefined}
              focusable="false"
              viewBox="0 0 24 24"
            >
              <g>
                <path
                  d="M17.65 6.35C16.2 4.9 14.21 4 12 4c-4.42 0-7.99 3.58-7.99 8s3.57 8 7.99 8c3.73 0 6.84-2.55 7.73-6h-2.08c-.82 2.33-3.04 4-5.65 4-3.31 0-6-2.69-6-6s2.69-6 6-6c1.66 0 3.14.69 4.22 1.78L13 11h7V4l-2.35 2.35z"
                />
              </g>
            </svg>
          </span>
          <span
            className="MuiTouchRipple-root-73"
          />
        </button>
      </div>
    </div>
    <div
      className="MuiCardContent-root-80"
    />
  </form>
</div>
`;
