// Jest Snapshot v1, https://goo.gl/fbAQLP

exports[`<ErrorMessageCard /> renders properly 1`] = `
<div
  className="MuiPaper-root-2 MuiPaper-elevation2-6 MuiPaper-rounded-3 MuiCard-root-1"
>
  <div
    className="MuiCardContent-root-29"
  >
    <h2
      className="MuiTypography-root-30 MuiTypography-headline-35"
    >
      Error
    </h2>
    <p
      className="MuiTypography-root-30 MuiTypography-body1-39"
    >
      Things are terrible.
    </p>
  </div>
</div>
`;
