// Jest Snapshot v1, https://goo.gl/fbAQLP

exports[`<CategoryDetails /> renders properly 1`] = `
<div
  className="MuiPaper-root-3 MuiPaper-elevation2-7 MuiPaper-rounded-4"
>
  <div
    className="MuiCardContent-root-30 Component-filterCardContent-1"
  >
    <h1
      className="MuiTypography-root-31 MuiTypography-display1-35"
    >
      Filters
    </h1>
  </div>
  <form>
    <div
      className="MuiCardContent-root-30"
    />
    <div
      className="MuiCardActions-root-55 Component-filterCardActions-2"
    >
      <button
        className="MuiButtonBase-root-72 MuiButton-root-57 MuiCardActions-action-56"
        disabled={false}
        onBlur={[Function]}
        onClick={[MockFunction]}
        onFocus={[Function]}
        onKeyDown={[Function]}
        onKeyUp={[Function]}
        onMouseDown={[Function]}
        onMouseLeave={[Function]}
        onMouseUp={[Function]}
        onTouchEnd={[Function]}
        onTouchMove={[Function]}
        onTouchStart={[Function]}
        tabIndex="0"
        type="button"
      >
        <span
          className="MuiButton-label-58"
        >
          Clear
        </span>
        <span
          className="MuiTouchRipple-root-75"
        />
      </button>
    </div>
  </form>
</div>
`;
