// Jest Snapshot v1, https://goo.gl/fbAQLP

exports[`<CategoryDetails /> renders properly 1`] = `
<div
  className="MuiPaper-root-2 MuiPaper-elevation2-6 MuiPaper-rounded-3"
>
  <form>
    <div
      className="MuiCardHeader-root-29"
    >
      <div
        className="MuiCardHeader-content-32"
      >
        <span
          className="MuiTypography-root-35 MuiTypography-headline-40 MuiCardHeader-title-33"
        >
          Filters
        </span>
      </div>
      <div
        className="MuiCardHeader-action-31"
      >
        <button
          className="MuiButtonBase-root-74 MuiButton-root-59"
          disabled={false}
          onBlur={[Function]}
          onClick={[MockFunction]}
          onFocus={[Function]}
          onKeyDown={[Function]}
          onKeyUp={[Function]}
          onMouseDown={[Function]}
          onMouseLeave={[Function]}
          onMouseUp={[Function]}
          onTouchEnd={[Function]}
          onTouchMove={[Function]}
          onTouchStart={[Function]}
          tabIndex="0"
          type="button"
        >
          <span
            className="MuiButton-label-60"
          >
            Clear
          </span>
          <span
            className="MuiTouchRipple-root-77"
          />
        </button>
      </div>
    </div>
    <div
      className="MuiCardContent-root-84"
    />
  </form>
</div>
`;
